nohup: ignoring input
Creating build directory...
Entering build directory...
Running CMake...
-- The C compiler identification is GNU 9.4.0
-- The CXX compiler identification is GNU 9.4.0
-- Check for working C compiler: /usr/bin/cc
-- Check for working C compiler: /usr/bin/cc -- works
-- Detecting C compiler ABI info
-- Detecting C compiler ABI info - done
-- Detecting C compile features
-- Detecting C compile features - done
-- Check for working CXX compiler: /usr/bin/c++
-- Check for working CXX compiler: /usr/bin/c++ -- works
-- Detecting CXX compiler ABI info
-- Detecting CXX compiler ABI info - done
-- Detecting CXX compile features
-- Detecting CXX compile features - done
-- Found OpenMP_C: -fopenmp (found version "4.5") 
-- Found OpenMP_CXX: -fopenmp (found version "4.5") 
-- Found OpenMP: TRUE (found version "4.5")  
-- Configuring done
-- Generating done
-- Build files have been written to: /home/bellary/algo_eng/Exam1/build
Building project...
Scanning dependencies of target multiwaycut
[ 10%] Building CXX object CMakeFiles/multiwaycut.dir/benchmark/benchmark.cpp.o
[ 20%] Building CXX object CMakeFiles/multiwaycut.dir/benchmark/test.cpp.o
[ 30%] Building CXX object CMakeFiles/multiwaycut.dir/algorithms/maximum_flow.cpp.o
[ 40%] Building CXX object CMakeFiles/multiwaycut.dir/data_structure/graph.cpp.o
[ 50%] Building CXX object CMakeFiles/multiwaycut.dir/utils/file_handler.cpp.o
[ 60%] Building CXX object CMakeFiles/multiwaycut.dir/algorithms/heuristic.cpp.o
[ 70%] Building CXX object CMakeFiles/multiwaycut.dir/algorithms/parallel_heuristic.cpp.o
[ 80%] Building CXX object CMakeFiles/multiwaycut.dir/algorithms/approximation.cpp.o
[ 90%] Building CXX object CMakeFiles/multiwaycut.dir/algorithms/exact.cpp.o
[100%] Linking CXX executable multiwaycut
[100%] Built target multiwaycut
Running executable...
Benchmarking Track2 instance instance079.gr
--------------------------------------------------
Running Heuristic...
--------------------------------------------------
Running Parallel Heuristic...
