nohup: ignoring input
Creating build directory...
Entering build directory...
Running CMake...
-- The C compiler identification is GNU 9.4.0
-- The CXX compiler identification is GNU 9.4.0
-- Check for working C compiler: /usr/bin/cc
-- Check for working C compiler: /usr/bin/cc -- works
-- Detecting C compiler ABI info
-- Detecting C compiler ABI info - done
-- Detecting C compile features
-- Detecting C compile features - done
-- Check for working CXX compiler: /usr/bin/c++
-- Check for working CXX compiler: /usr/bin/c++ -- works
-- Detecting CXX compiler ABI info
-- Detecting CXX compiler ABI info - done
-- Detecting CXX compile features
-- Detecting CXX compile features - done
-- Found OpenMP_C: -fopenmp (found version "4.5") 
-- Found OpenMP_CXX: -fopenmp (found version "4.5") 
-- Found OpenMP: TRUE (found version "4.5")  
-- Configuring done
-- Generating done
-- Build files have been written to: /home/bellary/algo_eng/Exam1/build
Building project...
Scanning dependencies of target multiwaycut
[ 10%] Building CXX object CMakeFiles/multiwaycut.dir/benchmark/benchmark.cpp.o
[ 20%] Building CXX object CMakeFiles/multiwaycut.dir/benchmark/test.cpp.o
[ 30%] Building CXX object CMakeFiles/multiwaycut.dir/algorithms/maximum_flow.cpp.o
[ 40%] Building CXX object CMakeFiles/multiwaycut.dir/data_structure/graph.cpp.o
[ 50%] Building CXX object CMakeFiles/multiwaycut.dir/utils/file_handler.cpp.o
[ 60%] Building CXX object CMakeFiles/multiwaycut.dir/algorithms/heuristic.cpp.o
[ 70%] Building CXX object CMakeFiles/multiwaycut.dir/algorithms/parallel_heuristic.cpp.o
[ 80%] Building CXX object CMakeFiles/multiwaycut.dir/algorithms/approximation.cpp.o
[ 90%] Building CXX object CMakeFiles/multiwaycut.dir/algorithms/exact.cpp.o
[100%] Linking CXX executable multiwaycut
[100%] Built target multiwaycut
Running executable...
Benchmarking Track2 instance instance001.gr
--------------------------------------------------
Running Heuristic...
Edge 272 has its two ends in two different terminal sets.
--------------------------------------------------
Running Parallel Heuristic...
Edge 272 has its two ends in two different terminal sets.
--------------------------------------------------
Running Approximation
Edge 272 has its two ends in two different terminal sets.
========================================================
Benchmarking Track2 instance instance002.gr
--------------------------------------------------
Running Heuristic...
Edge 24 has its two ends in two different terminal sets.
--------------------------------------------------
Running Parallel Heuristic...
Edge 24 has its two ends in two different terminal sets.
--------------------------------------------------
Running Approximation
Edge 24 has its two ends in two different terminal sets.
========================================================
Benchmarking Track2 instance instance003.gr
--------------------------------------------------
Running Heuristic...
Edge 298 has its two ends in two different terminal sets.
--------------------------------------------------
Running Parallel Heuristic...
Edge 298 has its two ends in two different terminal sets.
--------------------------------------------------
Running Approximation
Edge 298 has its two ends in two different terminal sets.
========================================================
Benchmarking Track2 instance instance004.gr
--------------------------------------------------
Running Heuristic...
Edge 314 has its two ends in two different terminal sets.
--------------------------------------------------
Running Parallel Heuristic...
Edge 314 has its two ends in two different terminal sets.
--------------------------------------------------
Running Approximation
Edge 314 has its two ends in two different terminal sets.
========================================================
Benchmarking Track2 instance instance005.gr
--------------------------------------------------
Running Heuristic...
Edge 60 has its two ends in two different terminal sets.
--------------------------------------------------
Running Parallel Heuristic...
Edge 60 has its two ends in two different terminal sets.
--------------------------------------------------
Running Approximation
Edge 60 has its two ends in two different terminal sets.
========================================================
Benchmarking Track2 instance instance006.gr
--------------------------------------------------
Running Heuristic...
Edge 0 has its two ends in two different terminal sets.
--------------------------------------------------
Running Parallel Heuristic...
Edge 0 has its two ends in two different terminal sets.
--------------------------------------------------
Running Approximation
Edge 0 has its two ends in two different terminal sets.
========================================================
Benchmarking Track2 instance instance007.gr
--------------------------------------------------
Running Heuristic...
Edge 6 has its two ends in two different terminal sets.
--------------------------------------------------
Running Parallel Heuristic...
Edge 6 has its two ends in two different terminal sets.
--------------------------------------------------
Running Approximation
Edge 6 has its two ends in two different terminal sets.
========================================================
Benchmarking Track2 instance instance008.gr
--------------------------------------------------
Running Heuristic...
Edge 8 has its two ends in two different terminal sets.
--------------------------------------------------
Running Parallel Heuristic...
Edge 8 has its two ends in two different terminal sets.
--------------------------------------------------
Running Approximation
Edge 8 has its two ends in two different terminal sets.
========================================================
Benchmarking Track2 instance instance009.gr
--------------------------------------------------
Running Heuristic...
Edge 4 has its two ends in two different terminal sets.
--------------------------------------------------
Running Parallel Heuristic...
Edge 4 has its two ends in two different terminal sets.
--------------------------------------------------
Running Approximation
Edge 4 has its two ends in two different terminal sets.
========================================================
Benchmarking Track2 instance instance010.gr
--------------------------------------------------
Running Heuristic...
Edge 70 has its two ends in two different terminal sets.
--------------------------------------------------
Running Parallel Heuristic...
Edge 70 has its two ends in two different terminal sets.
--------------------------------------------------
Running Approximation
Edge 70 has its two ends in two different terminal sets.
========================================================
Writing CSV to: "/home/bellary/algo_eng/Exam1/build/../output_data/track2_results.csv"
Benchmarking Track2 instance instance011.gr
--------------------------------------------------
Running Heuristic...
Edge 38 has its two ends in two different terminal sets.
--------------------------------------------------
Running Parallel Heuristic...
Edge 38 has its two ends in two different terminal sets.
--------------------------------------------------
Running Approximation
Edge 38 has its two ends in two different terminal sets.
========================================================
Benchmarking Track2 instance instance012.gr
--------------------------------------------------
Running Heuristic...
Edge 0 has its two ends in two different terminal sets.
--------------------------------------------------
Running Parallel Heuristic...
Edge 0 has its two ends in two different terminal sets.
--------------------------------------------------
Running Approximation
Edge 0 has its two ends in two different terminal sets.
========================================================
Benchmarking Track2 instance instance013.gr
--------------------------------------------------
Running Heuristic...
Edge 0 has its two ends in two different terminal sets.
--------------------------------------------------
Running Parallel Heuristic...
Edge 0 has its two ends in two different terminal sets.
--------------------------------------------------
Running Approximation
Edge 0 has its two ends in two different terminal sets.
========================================================
Benchmarking Track2 instance instance014.gr
--------------------------------------------------
Running Heuristic...
Edge 0 has its two ends in two different terminal sets.
--------------------------------------------------
Running Parallel Heuristic...
Edge 0 has its two ends in two different terminal sets.
--------------------------------------------------
Running Approximation
Edge 0 has its two ends in two different terminal sets.
========================================================
Benchmarking Track2 instance instance015.gr
--------------------------------------------------
Running Heuristic...
Edge 426 has its two ends in two different terminal sets.
--------------------------------------------------
Running Parallel Heuristic...
Edge 426 has its two ends in two different terminal sets.
--------------------------------------------------
Running Approximation
Edge 426 has its two ends in two different terminal sets.
========================================================
Benchmarking Track2 instance instance016.gr
--------------------------------------------------
Running Heuristic...
Edge 8 has its two ends in two different terminal sets.
--------------------------------------------------
Running Parallel Heuristic...
Edge 8 has its two ends in two different terminal sets.
--------------------------------------------------
Running Approximation
Edge 8 has its two ends in two different terminal sets.
========================================================
Benchmarking Track2 instance instance017.gr
--------------------------------------------------
Running Heuristic...
Edge 0 has its two ends in two different terminal sets.
--------------------------------------------------
Running Parallel Heuristic...
Edge 0 has its two ends in two different terminal sets.
--------------------------------------------------
Running Approximation
Edge 0 has its two ends in two different terminal sets.
========================================================
Benchmarking Track2 instance instance018.gr
--------------------------------------------------
Running Heuristic...
Edge 0 has its two ends in two different terminal sets.
--------------------------------------------------
Running Parallel Heuristic...
Edge 0 has its two ends in two different terminal sets.
--------------------------------------------------
Running Approximation
Edge 0 has its two ends in two different terminal sets.
========================================================
Benchmarking Track2 instance instance019.gr
--------------------------------------------------
Running Heuristic...
Edge 4 has its two ends in two different terminal sets.
--------------------------------------------------
Running Parallel Heuristic...
Edge 4 has its two ends in two different terminal sets.
--------------------------------------------------
Running Approximation
Edge 4 has its two ends in two different terminal sets.
========================================================
Benchmarking Track2 instance instance020.gr
--------------------------------------------------
Running Heuristic...
Edge 34 has its two ends in two different terminal sets.
--------------------------------------------------
Running Parallel Heuristic...
Edge 34 has its two ends in two different terminal sets.
--------------------------------------------------
Running Approximation
Edge 34 has its two ends in two different terminal sets.
========================================================
Writing CSV to: "/home/bellary/algo_eng/Exam1/build/../output_data/track2_results.csv"
Benchmarking Track2 instance instance021.gr
--------------------------------------------------
Running Heuristic...
Edge 786 has its two ends in two different terminal sets.
--------------------------------------------------
Running Parallel Heuristic...
Edge 786 has its two ends in two different terminal sets.
--------------------------------------------------
Running Approximation
Edge 786 has its two ends in two different terminal sets.
========================================================
Benchmarking Track2 instance instance022.gr
--------------------------------------------------
Running Heuristic...
Edge 0 has its two ends in two different terminal sets.
--------------------------------------------------
Running Parallel Heuristic...
Edge 0 has its two ends in two different terminal sets.
--------------------------------------------------
Running Approximation
Edge 0 has its two ends in two different terminal sets.
========================================================
Benchmarking Track2 instance instance023.gr
--------------------------------------------------
Running Heuristic...
Edge 2 has its two ends in two different terminal sets.
--------------------------------------------------
Running Parallel Heuristic...
Edge 2 has its two ends in two different terminal sets.
--------------------------------------------------
Running Approximation
Edge 2 has its two ends in two different terminal sets.
========================================================
Benchmarking Track2 instance instance024.gr
--------------------------------------------------
Running Heuristic...
Edge 6 has its two ends in two different terminal sets.
--------------------------------------------------
Running Parallel Heuristic...
Edge 6 has its two ends in two different terminal sets.
--------------------------------------------------
Running Approximation
Edge 6 has its two ends in two different terminal sets.
========================================================
Benchmarking Track2 instance instance025.gr
--------------------------------------------------
Running Heuristic...
Edge 18 has its two ends in two different terminal sets.
--------------------------------------------------
Running Parallel Heuristic...
Edge 18 has its two ends in two different terminal sets.
--------------------------------------------------
Running Approximation
Edge 18 has its two ends in two different terminal sets.
========================================================
Benchmarking Track2 instance instance026.gr
--------------------------------------------------
Running Heuristic...
Edge 2 has its two ends in two different terminal sets.
--------------------------------------------------
Running Parallel Heuristic...
Edge 2 has its two ends in two different terminal sets.
--------------------------------------------------
Running Approximation
Edge 2 has its two ends in two different terminal sets.
========================================================
Benchmarking Track2 instance instance027.gr
--------------------------------------------------
Running Heuristic...
Cut is valid: all terminal pairs are separated.
--------------------------------------------------
Running Parallel Heuristic...
Cut is valid: all terminal pairs are separated.
--------------------------------------------------
Running Approximation
Cut is valid: all terminal pairs are separated.
--------------------------------------------------
Running Exact...
Cut is valid: all terminal pairs are separated.
========================================================
Benchmarking Track2 instance instance028.gr
--------------------------------------------------
Running Heuristic...
Edge 6 has its two ends in two different terminal sets.
--------------------------------------------------
Running Parallel Heuristic...
Edge 6 has its two ends in two different terminal sets.
--------------------------------------------------
Running Approximation
Edge 6 has its two ends in two different terminal sets.
========================================================
Benchmarking Track2 instance instance029.gr
--------------------------------------------------
Running Heuristic...
Edge 30 has its two ends in two different terminal sets.
--------------------------------------------------
Running Parallel Heuristic...
Edge 30 has its two ends in two different terminal sets.
--------------------------------------------------
Running Approximation
Edge 30 has its two ends in two different terminal sets.
========================================================
Benchmarking Track2 instance instance030.gr
--------------------------------------------------
Running Heuristic...
Edge 2 has its two ends in two different terminal sets.
--------------------------------------------------
Running Parallel Heuristic...
Edge 2 has its two ends in two different terminal sets.
--------------------------------------------------
Running Approximation
Edge 2 has its two ends in two different terminal sets.
========================================================
Writing CSV to: "/home/bellary/algo_eng/Exam1/build/../output_data/track2_results.csv"
Benchmarking Track2 instance instance031.gr
--------------------------------------------------
Running Heuristic...
Edge 2 has its two ends in two different terminal sets.
--------------------------------------------------
Running Parallel Heuristic...
Edge 2 has its two ends in two different terminal sets.
--------------------------------------------------
Running Approximation
Edge 2 has its two ends in two different terminal sets.
========================================================
Benchmarking Track2 instance instance032.gr
--------------------------------------------------
Running Heuristic...
Edge 48 has its two ends in two different terminal sets.
--------------------------------------------------
Running Parallel Heuristic...
Edge 48 has its two ends in two different terminal sets.
--------------------------------------------------
Running Approximation
Edge 48 has its two ends in two different terminal sets.
========================================================
Benchmarking Track2 instance instance033.gr
--------------------------------------------------
Running Heuristic...
Edge 72 has its two ends in two different terminal sets.
--------------------------------------------------
Running Parallel Heuristic...
Edge 72 has its two ends in two different terminal sets.
--------------------------------------------------
Running Approximation
Edge 72 has its two ends in two different terminal sets.
========================================================
Benchmarking Track2 instance instance034.gr
--------------------------------------------------
Running Heuristic...
Edge 98 has its two ends in two different terminal sets.
--------------------------------------------------
Running Parallel Heuristic...
Edge 98 has its two ends in two different terminal sets.
--------------------------------------------------
Running Approximation
Edge 98 has its two ends in two different terminal sets.
========================================================
Benchmarking Track2 instance instance035.gr
--------------------------------------------------
Running Heuristic...
Edge 62 has its two ends in two different terminal sets.
--------------------------------------------------
Running Parallel Heuristic...
Edge 62 has its two ends in two different terminal sets.
--------------------------------------------------
Running Approximation
Edge 62 has its two ends in two different terminal sets.
========================================================
Benchmarking Track2 instance instance036.gr
--------------------------------------------------
Running Heuristic...
Edge 4 has its two ends in two different terminal sets.
--------------------------------------------------
Running Parallel Heuristic...
Edge 4 has its two ends in two different terminal sets.
--------------------------------------------------
Running Approximation
Edge 4 has its two ends in two different terminal sets.
========================================================
Benchmarking Track2 instance instance037.gr
--------------------------------------------------
Running Heuristic...
Edge 12 has its two ends in two different terminal sets.
--------------------------------------------------
Running Parallel Heuristic...
Edge 12 has its two ends in two different terminal sets.
--------------------------------------------------
Running Approximation
Edge 12 has its two ends in two different terminal sets.
========================================================
Benchmarking Track2 instance instance038.gr
--------------------------------------------------
Running Heuristic...
Edge 0 has its two ends in two different terminal sets.
--------------------------------------------------
Running Parallel Heuristic...
Edge 0 has its two ends in two different terminal sets.
--------------------------------------------------
Running Approximation
Edge 0 has its two ends in two different terminal sets.
========================================================
Benchmarking Track2 instance instance039.gr
--------------------------------------------------
Running Heuristic...
Edge 4 has its two ends in two different terminal sets.
--------------------------------------------------
Running Parallel Heuristic...
Edge 4 has its two ends in two different terminal sets.
--------------------------------------------------
Running Approximation
Edge 4 has its two ends in two different terminal sets.
========================================================
Benchmarking Track2 instance instance040.gr
--------------------------------------------------
Running Heuristic...
Edge 8 has its two ends in two different terminal sets.
--------------------------------------------------
Running Parallel Heuristic...
Edge 8 has its two ends in two different terminal sets.
--------------------------------------------------
Running Approximation
Edge 8 has its two ends in two different terminal sets.
========================================================
Writing CSV to: "/home/bellary/algo_eng/Exam1/build/../output_data/track2_results.csv"
Benchmarking Track2 instance instance041.gr
--------------------------------------------------
Running Heuristic...
Edge 24 has its two ends in two different terminal sets.
--------------------------------------------------
Running Parallel Heuristic...
Edge 24 has its two ends in two different terminal sets.
--------------------------------------------------
Running Approximation
Edge 24 has its two ends in two different terminal sets.
========================================================
Benchmarking Track2 instance instance042.gr
--------------------------------------------------
Running Heuristic...
Edge 2 has its two ends in two different terminal sets.
--------------------------------------------------
Running Parallel Heuristic...
Edge 2 has its two ends in two different terminal sets.
--------------------------------------------------
Running Approximation
Edge 2 has its two ends in two different terminal sets.
========================================================
Benchmarking Track2 instance instance043.gr
--------------------------------------------------
Running Heuristic...
Cut is valid: all terminal pairs are separated.
--------------------------------------------------
Running Parallel Heuristic...
Cut is valid: all terminal pairs are separated.
--------------------------------------------------
Running Approximation
Cut is valid: all terminal pairs are separated.
--------------------------------------------------
Running Exact...
Cut is valid: all terminal pairs are separated.
========================================================
Benchmarking Track2 instance instance044.gr
--------------------------------------------------
Running Heuristic...
Cut is valid: all terminal pairs are separated.
--------------------------------------------------
Running Parallel Heuristic...
Cut is valid: all terminal pairs are separated.
--------------------------------------------------
Running Approximation
Cut is valid: all terminal pairs are separated.
--------------------------------------------------
Running Exact...
Cut is valid: all terminal pairs are separated.
========================================================
Benchmarking Track2 instance instance045.gr
--------------------------------------------------
Running Heuristic...
Edge 70 has its two ends in two different terminal sets.
--------------------------------------------------
Running Parallel Heuristic...
Edge 70 has its two ends in two different terminal sets.
--------------------------------------------------
Running Approximation
Edge 70 has its two ends in two different terminal sets.
========================================================
Benchmarking Track2 instance instance046.gr
--------------------------------------------------
Running Heuristic...
Edge 20 has its two ends in two different terminal sets.
--------------------------------------------------
Running Parallel Heuristic...
Edge 20 has its two ends in two different terminal sets.
--------------------------------------------------
Running Approximation
Edge 20 has its two ends in two different terminal sets.
========================================================
Benchmarking Track2 instance instance047.gr
--------------------------------------------------
Running Heuristic...
Edge 14 has its two ends in two different terminal sets.
--------------------------------------------------
Running Parallel Heuristic...
Edge 14 has its two ends in two different terminal sets.
--------------------------------------------------
Running Approximation
Edge 14 has its two ends in two different terminal sets.
========================================================
Benchmarking Track2 instance instance048.gr
--------------------------------------------------
Running Heuristic...
Edge 80 has its two ends in two different terminal sets.
--------------------------------------------------
Running Parallel Heuristic...
Edge 80 has its two ends in two different terminal sets.
--------------------------------------------------
Running Approximation
Edge 80 has its two ends in two different terminal sets.
========================================================
Benchmarking Track2 instance instance049.gr
--------------------------------------------------
Running Heuristic...
Edge 16 has its two ends in two different terminal sets.
--------------------------------------------------
Running Parallel Heuristic...
Edge 16 has its two ends in two different terminal sets.
--------------------------------------------------
Running Approximation
Edge 16 has its two ends in two different terminal sets.
========================================================
Benchmarking Track2 instance instance050.gr
--------------------------------------------------
Running Heuristic...
Edge 2 has its two ends in two different terminal sets.
--------------------------------------------------
Running Parallel Heuristic...
Edge 2 has its two ends in two different terminal sets.
--------------------------------------------------
Running Approximation
Edge 2 has its two ends in two different terminal sets.
========================================================
Writing CSV to: "/home/bellary/algo_eng/Exam1/build/../output_data/track2_results.csv"
Benchmarking Track2 instance instance051.gr
--------------------------------------------------
Running Heuristic...
Edge 0 has its two ends in two different terminal sets.
--------------------------------------------------
Running Parallel Heuristic...
Edge 0 has its two ends in two different terminal sets.
--------------------------------------------------
Running Approximation
Edge 0 has its two ends in two different terminal sets.
========================================================
Benchmarking Track2 instance instance052.gr
--------------------------------------------------
Running Heuristic...
Cut is valid: all terminal pairs are separated.
--------------------------------------------------
Running Parallel Heuristic...
Cut is valid: all terminal pairs are separated.
--------------------------------------------------
Running Approximation
Failed to compute LP solution within time limit.
--------------------------------------------------
Running Exact...
Cut is valid: all terminal pairs are separated.
========================================================
Benchmarking Track2 instance instance053.gr
--------------------------------------------------
Running Heuristic...
Edge 8 has its two ends in two different terminal sets.
--------------------------------------------------
Running Parallel Heuristic...
Edge 8 has its two ends in two different terminal sets.
--------------------------------------------------
Running Approximation
Edge 8 has its two ends in two different terminal sets.
========================================================
Benchmarking Track2 instance instance054.gr
--------------------------------------------------
Running Heuristic...
Cut is valid: all terminal pairs are separated.
--------------------------------------------------
Running Parallel Heuristic...
Cut is valid: all terminal pairs are separated.
--------------------------------------------------
Running Approximation
Cut is valid: all terminal pairs are separated.
--------------------------------------------------
Running Exact...
Cut is valid: all terminal pairs are separated.
========================================================
Benchmarking Track2 instance instance055.gr
--------------------------------------------------
Running Heuristic...
Cut is valid: all terminal pairs are separated.
--------------------------------------------------
Running Parallel Heuristic...
Cut is valid: all terminal pairs are separated.
--------------------------------------------------
Running Approximation
Cut is valid: all terminal pairs are separated.
--------------------------------------------------
Running Exact...
Cut is valid: all terminal pairs are separated.
========================================================
Benchmarking Track2 instance instance056.gr
--------------------------------------------------
Running Heuristic...
Cut is valid: all terminal pairs are separated.
--------------------------------------------------
Running Parallel Heuristic...
Cut is valid: all terminal pairs are separated.
--------------------------------------------------
Running Approximation
Cut is valid: all terminal pairs are separated.
--------------------------------------------------
Running Exact...
Cut is valid: all terminal pairs are separated.
========================================================
Benchmarking Track2 instance instance057.gr
--------------------------------------------------
Running Heuristic...
Cut is valid: all terminal pairs are separated.
--------------------------------------------------
Running Parallel Heuristic...
Cut is valid: all terminal pairs are separated.
--------------------------------------------------
Running Approximation
Cut is valid: all terminal pairs are separated.
--------------------------------------------------
Running Exact...
Cut is valid: all terminal pairs are separated.
========================================================
Benchmarking Track2 instance instance058.gr
--------------------------------------------------
Running Heuristic...
Edge 0 has its two ends in two different terminal sets.
--------------------------------------------------
Running Parallel Heuristic...
Edge 0 has its two ends in two different terminal sets.
--------------------------------------------------
Running Approximation
Edge 0 has its two ends in two different terminal sets.
========================================================
Benchmarking Track2 instance instance059.gr
--------------------------------------------------
Running Heuristic...
Edge 10 has its two ends in two different terminal sets.
--------------------------------------------------
Running Parallel Heuristic...
Edge 10 has its two ends in two different terminal sets.
--------------------------------------------------
Running Approximation
Edge 10 has its two ends in two different terminal sets.
========================================================
Benchmarking Track2 instance instance060.gr
--------------------------------------------------
Running Heuristic...
Edge 6 has its two ends in two different terminal sets.
--------------------------------------------------
Running Parallel Heuristic...
Edge 6 has its two ends in two different terminal sets.
--------------------------------------------------
Running Approximation
Edge 6 has its two ends in two different terminal sets.
========================================================
Writing CSV to: "/home/bellary/algo_eng/Exam1/build/../output_data/track2_results.csv"
Benchmarking Track2 instance instance061.gr
--------------------------------------------------
Running Heuristic...
Cut is valid: all terminal pairs are separated.
--------------------------------------------------
Running Parallel Heuristic...
Cut is valid: all terminal pairs are separated.
--------------------------------------------------
Running Approximation
Failed to compute LP solution within time limit.
--------------------------------------------------
Running Exact...
Cut is valid: all terminal pairs are separated.
========================================================
Benchmarking Track2 instance instance062.gr
--------------------------------------------------
Running Heuristic...
Edge 0 has its two ends in two different terminal sets.
--------------------------------------------------
Running Parallel Heuristic...
Edge 0 has its two ends in two different terminal sets.
--------------------------------------------------
Running Approximation
Edge 0 has its two ends in two different terminal sets.
========================================================
Benchmarking Track2 instance instance063.gr
--------------------------------------------------
Running Heuristic...
Edge 0 has its two ends in two different terminal sets.
--------------------------------------------------
Running Parallel Heuristic...
Edge 0 has its two ends in two different terminal sets.
--------------------------------------------------
Running Approximation
Edge 0 has its two ends in two different terminal sets.
========================================================
Benchmarking Track2 instance instance064.gr
--------------------------------------------------
Running Heuristic...
Edge 20 has its two ends in two different terminal sets.
--------------------------------------------------
Running Parallel Heuristic...
Edge 20 has its two ends in two different terminal sets.
--------------------------------------------------
Running Approximation
Edge 20 has its two ends in two different terminal sets.
========================================================
Benchmarking Track2 instance instance065.gr
--------------------------------------------------
Running Heuristic...
Edge 0 has its two ends in two different terminal sets.
--------------------------------------------------
Running Parallel Heuristic...
Edge 0 has its two ends in two different terminal sets.
--------------------------------------------------
Running Approximation
Edge 0 has its two ends in two different terminal sets.
========================================================
Benchmarking Track2 instance instance066.gr
--------------------------------------------------
Running Heuristic...
Edge 22 has its two ends in two different terminal sets.
--------------------------------------------------
Running Parallel Heuristic...
Edge 22 has its two ends in two different terminal sets.
--------------------------------------------------
Running Approximation
Edge 22 has its two ends in two different terminal sets.
========================================================
Benchmarking Track2 instance instance067.gr
--------------------------------------------------
Running Heuristic...
Edge 216 has its two ends in two different terminal sets.
--------------------------------------------------
Running Parallel Heuristic...
Edge 216 has its two ends in two different terminal sets.
--------------------------------------------------
Running Approximation
Edge 216 has its two ends in two different terminal sets.
========================================================
Benchmarking Track2 instance instance068.gr
--------------------------------------------------
Running Heuristic...
Edge 4 has its two ends in two different terminal sets.
--------------------------------------------------
Running Parallel Heuristic...
Edge 4 has its two ends in two different terminal sets.
--------------------------------------------------
Running Approximation
Edge 4 has its two ends in two different terminal sets.
========================================================
Benchmarking Track2 instance instance069.gr
--------------------------------------------------
Running Heuristic...
Edge 2 has its two ends in two different terminal sets.
--------------------------------------------------
Running Parallel Heuristic...
Edge 2 has its two ends in two different terminal sets.
--------------------------------------------------
Running Approximation
Edge 2 has its two ends in two different terminal sets.
========================================================
Benchmarking Track2 instance instance070.gr
--------------------------------------------------
Running Heuristic...
Cut is valid: all terminal pairs are separated.
--------------------------------------------------
Running Parallel Heuristic...
Cut is valid: all terminal pairs are separated.
--------------------------------------------------
Running Approximation
Cut is valid: all terminal pairs are separated.
--------------------------------------------------
Running Exact...
Cut is valid: all terminal pairs are separated.
========================================================
Writing CSV to: "/home/bellary/algo_eng/Exam1/build/../output_data/track2_results.csv"
Benchmarking Track2 instance instance071.gr
--------------------------------------------------
Running Heuristic...
Edge 38 has its two ends in two different terminal sets.
--------------------------------------------------
Running Parallel Heuristic...
Edge 38 has its two ends in two different terminal sets.
--------------------------------------------------
Running Approximation
Edge 38 has its two ends in two different terminal sets.
========================================================
Benchmarking Track2 instance instance072.gr
--------------------------------------------------
Running Heuristic...
Cut is valid: all terminal pairs are separated.
--------------------------------------------------
Running Parallel Heuristic...
Cut is valid: all terminal pairs are separated.
--------------------------------------------------
Running Approximation
Cut is valid: all terminal pairs are separated.
--------------------------------------------------
Running Exact...
Cut is valid: all terminal pairs are separated.
========================================================
Benchmarking Track2 instance instance073.gr
--------------------------------------------------
Running Heuristic...
Cut is valid: all terminal pairs are separated.
--------------------------------------------------
Running Parallel Heuristic...
Cut is valid: all terminal pairs are separated.
--------------------------------------------------
Running Approximation
Cut is valid: all terminal pairs are separated.
--------------------------------------------------
Running Exact...
Cut is valid: all terminal pairs are separated.
========================================================
Benchmarking Track2 instance instance074.gr
--------------------------------------------------
Running Heuristic...
Cut is valid: all terminal pairs are separated.
--------------------------------------------------
Running Parallel Heuristic...
Cut is valid: all terminal pairs are separated.
--------------------------------------------------
Running Approximation
Cut is valid: all terminal pairs are separated.
--------------------------------------------------
Running Exact...
Cut is valid: all terminal pairs are separated.
========================================================
Benchmarking Track2 instance instance075.gr
--------------------------------------------------
Running Heuristic...
Cut is valid: all terminal pairs are separated.
--------------------------------------------------
Running Parallel Heuristic...
Cut is valid: all terminal pairs are separated.
--------------------------------------------------
Running Approximation
Failed to compute LP solution within time limit.
--------------------------------------------------
Running Exact...
Cut is valid: all terminal pairs are separated.
========================================================
Benchmarking Track2 instance instance076.gr
--------------------------------------------------
Running Heuristic...
Cut is valid: all terminal pairs are separated.
--------------------------------------------------
Running Parallel Heuristic...
Cut is valid: all terminal pairs are separated.
--------------------------------------------------
Running Approximation
Failed to compute LP solution within time limit.
--------------------------------------------------
Running Exact...
Cut is valid: all terminal pairs are separated.
========================================================
Benchmarking Track2 instance instance077.gr
--------------------------------------------------
Running Heuristic...
Edge 18 has its two ends in two different terminal sets.
--------------------------------------------------
Running Parallel Heuristic...
Edge 18 has its two ends in two different terminal sets.
--------------------------------------------------
Running Approximation
Edge 18 has its two ends in two different terminal sets.
========================================================
Benchmarking Track2 instance instance078.gr
--------------------------------------------------
Running Heuristic...
Cut is valid: all terminal pairs are separated.
--------------------------------------------------
Running Parallel Heuristic...
Cut is valid: all terminal pairs are separated.
--------------------------------------------------
Running Approximation
glp_add_rows: nrs = 105611136; too many rows
Error detected in file api/prob1.c at line 259
./build.sh: line 20: 76655 Aborted                 (core dumped) ./multiwaycut
