Creating build directory...
Entering build directory...
Running CMake...
-- The C compiler identification is GNU 13.3.0
-- The CXX compiler identification is GNU 13.3.0
-- Detecting C compiler ABI info
-- Detecting C compiler ABI info - done
-- Check for working C compiler: /usr/bin/cc - skipped
-- Detecting C compile features
-- Detecting C compile features - done
-- Detecting CXX compiler ABI info
-- Detecting CXX compiler ABI info - done
-- Check for working CXX compiler: /usr/bin/c++ - skipped
-- Detecting CXX compile features
-- Detecting CXX compile features - done
-- Found OpenMP_C: -fopenmp (found version "4.5") 
-- Found OpenMP_CXX: -fopenmp (found version "4.5") 
-- Found OpenMP: TRUE (found version "4.5")  
-- Configuring done (11.0s)
-- Generating done (0.1s)
-- Build files have been written to: /mnt/c/Users/Jyotsna Bellary/UniKonstanz/Year_2/Sem 3/Algorithm Engineering/jyotsna.bellary/Exam/build
Building project...
[  8%] Building CXX object CMakeFiles/multiwaycut.dir/benchmark/test.cpp.o
[ 16%] Building CXX object CMakeFiles/multiwaycut.dir/algorithms/maximum_flow.cpp.o
[ 25%] Building CXX object CMakeFiles/multiwaycut.dir/data_structure/graph.cpp.o
[ 33%] Building CXX object CMakeFiles/multiwaycut.dir/utils/file_handler.cpp.o
[ 41%] Building CXX object CMakeFiles/multiwaycut.dir/algorithms/heuristic.cpp.o
[ 50%] Building CXX object CMakeFiles/multiwaycut.dir/algorithms/parallel_heuristic.cpp.o
[ 58%] Building CXX object CMakeFiles/multiwaycut.dir/algorithms/approximation.cpp.o
[ 66%] Building CXX object CMakeFiles/multiwaycut.dir/algorithms/exact.cpp.o
[ 75%] Building CXX object CMakeFiles/multiwaycut.dir/benchmark/benchmark.cpp.o
[ 83%] Building CXX object CMakeFiles/multiwaycut.dir/benchmark/grid_generator.cpp.o
[ 91%] Building CXX object CMakeFiles/multiwaycut.dir/main.cpp.o
[100%] Linking CXX executable multiwaycut
[100%] Built target multiwaycut
Running executable...
Benchmarking grid_10x10_k3_rep0
--------------------------------------------------
Running Heuristic...
Cut is valid: all terminal pairs are separated.
--------------------------------------------------
Running Parallel Heuristic...
Cut is valid: all terminal pairs are separated.
--------------------------------------------------
Running Approximation...
Cut is valid: all terminal pairs are separated.
--------------------------------------------------
Running Exact...
Benchmarking grid_10x10_k3_rep1
--------------------------------------------------
Running Heuristic...
Cut is valid: all terminal pairs are separated.
--------------------------------------------------
Running Parallel Heuristic...
Cut is valid: all terminal pairs are separated.
--------------------------------------------------
Running Approximation...
Cut is valid: all terminal pairs are separated.
--------------------------------------------------
Running Exact...
Cut is valid: all terminal pairs are separated.
Benchmarking grid_10x10_k3_rep2
--------------------------------------------------
Running Heuristic...
Cut is valid: all terminal pairs are separated.
--------------------------------------------------
Running Parallel Heuristic...
Cut is valid: all terminal pairs are separated.
--------------------------------------------------
Running Approximation...
Cut is valid: all terminal pairs are separated.
--------------------------------------------------
Running Exact...
Cut is valid: all terminal pairs are separated.
Benchmarking grid_10x10_k3_rep3
--------------------------------------------------
Running Heuristic...
Cut is valid: all terminal pairs are separated.
--------------------------------------------------
Running Parallel Heuristic...
Cut is valid: all terminal pairs are separated.
--------------------------------------------------
Running Approximation...
Cut is valid: all terminal pairs are separated.
--------------------------------------------------
Running Exact...
Cut is valid: all terminal pairs are separated.
Benchmarking grid_10x10_k3_rep4
--------------------------------------------------
Running Heuristic...
Cut is valid: all terminal pairs are separated.
--------------------------------------------------
Running Parallel Heuristic...
Cut is valid: all terminal pairs are separated.
--------------------------------------------------
Running Approximation...
Cut is valid: all terminal pairs are separated.
--------------------------------------------------
Running Exact...
Cut is valid: all terminal pairs are separated.
Benchmarking grid_10x10_k5_rep0
--------------------------------------------------
Running Heuristic...
Cut is valid: all terminal pairs are separated.
--------------------------------------------------
Running Parallel Heuristic...
Cut is valid: all terminal pairs are separated.
--------------------------------------------------
Running Approximation...
Cut is valid: all terminal pairs are separated.
--------------------------------------------------
Running Exact...
Cut is valid: all terminal pairs are separated.
Benchmarking grid_10x10_k5_rep1
--------------------------------------------------
Running Heuristic...
Cut is valid: all terminal pairs are separated.
--------------------------------------------------
Running Parallel Heuristic...
Cut is valid: all terminal pairs are separated.
--------------------------------------------------
Running Approximation...
Cut is valid: all terminal pairs are separated.
--------------------------------------------------
Running Exact...
Cut is valid: all terminal pairs are separated.
Benchmarking grid_10x10_k5_rep2
--------------------------------------------------
Running Heuristic...
Cut is valid: all terminal pairs are separated.
--------------------------------------------------
Running Parallel Heuristic...
Cut is valid: all terminal pairs are separated.
--------------------------------------------------
Running Approximation...
Cut is valid: all terminal pairs are separated.
--------------------------------------------------
Running Exact...
Cut is valid: all terminal pairs are separated.
Benchmarking grid_10x10_k5_rep3
--------------------------------------------------
Running Heuristic...
Cut is valid: all terminal pairs are separated.
--------------------------------------------------
Running Parallel Heuristic...
Cut is valid: all terminal pairs are separated.
--------------------------------------------------
Running Approximation...
Cut is valid: all terminal pairs are separated.
--------------------------------------------------
Running Exact...
Cut is valid: all terminal pairs are separated.
Benchmarking grid_10x10_k5_rep4
--------------------------------------------------
Running Heuristic...
Cut is valid: all terminal pairs are separated.
--------------------------------------------------
Running Parallel Heuristic...
Cut is valid: all terminal pairs are separated.
--------------------------------------------------
Running Approximation...
Cut is valid: all terminal pairs are separated.
--------------------------------------------------
Running Exact...
Cut is valid: all terminal pairs are separated.
Writing CSV to: "/mnt/c/Users/Jyotsna Bellary/UniKonstanz/Year_2/Sem 3/Algorithm Engineering/jyotsna.bellary/Exam/build/../output_data/grid_output.csv"
Benchmarking grid_10x10_k10_rep0
--------------------------------------------------
Running Heuristic...
Cut is valid: all terminal pairs are separated.
--------------------------------------------------
Running Parallel Heuristic...
Cut is valid: all terminal pairs are separated.
--------------------------------------------------
Running Approximation...
Cut is valid: all terminal pairs are separated.
--------------------------------------------------
Running Exact...
Cut is valid: all terminal pairs are separated.
Benchmarking grid_10x10_k10_rep1
--------------------------------------------------
Running Heuristic...
Cut is valid: all terminal pairs are separated.
--------------------------------------------------
Running Parallel Heuristic...
Cut is valid: all terminal pairs are separated.
--------------------------------------------------
Running Approximation...
Cut is valid: all terminal pairs are separated.
--------------------------------------------------
Running Exact...
Cut is valid: all terminal pairs are separated.
Benchmarking grid_10x10_k10_rep2
--------------------------------------------------
Running Heuristic...
Cut is valid: all terminal pairs are separated.
--------------------------------------------------
Running Parallel Heuristic...
Cut is valid: all terminal pairs are separated.
--------------------------------------------------
Running Approximation...
Cut is valid: all terminal pairs are separated.
--------------------------------------------------
Running Exact...
Cut is valid: all terminal pairs are separated.
Benchmarking grid_10x10_k10_rep3
--------------------------------------------------
Running Heuristic...
Cut is valid: all terminal pairs are separated.
--------------------------------------------------
Running Parallel Heuristic...
Cut is valid: all terminal pairs are separated.
--------------------------------------------------
Running Approximation...
Cut is valid: all terminal pairs are separated.
--------------------------------------------------
Running Exact...
Cut is valid: all terminal pairs are separated.
Benchmarking grid_10x10_k10_rep4
--------------------------------------------------
Running Heuristic...
Cut is valid: all terminal pairs are separated.
--------------------------------------------------
Running Parallel Heuristic...
Cut is valid: all terminal pairs are separated.
--------------------------------------------------
Running Approximation...
Cut is valid: all terminal pairs are separated.
--------------------------------------------------
Running Exact...
Cut is valid: all terminal pairs are separated.
Benchmarking grid_10x10_k20_rep0
--------------------------------------------------
Running Heuristic...
Cut is valid: all terminal pairs are separated.
--------------------------------------------------
Running Parallel Heuristic...
Cut is valid: all terminal pairs are separated.
--------------------------------------------------
Running Approximation...
Cut is valid: all terminal pairs are separated.
--------------------------------------------------
Running Exact...
Cut is valid: all terminal pairs are separated.
Benchmarking grid_10x10_k20_rep1
--------------------------------------------------
Running Heuristic...
Cut is valid: all terminal pairs are separated.
--------------------------------------------------
Running Parallel Heuristic...
Cut is valid: all terminal pairs are separated.
--------------------------------------------------
Running Approximation...
Cut is valid: all terminal pairs are separated.
--------------------------------------------------
Running Exact...
Cut is valid: all terminal pairs are separated.
Benchmarking grid_10x10_k20_rep2
--------------------------------------------------
Running Heuristic...
Cut is valid: all terminal pairs are separated.
--------------------------------------------------
Running Parallel Heuristic...
Cut is valid: all terminal pairs are separated.
--------------------------------------------------
Running Approximation...
Cut is valid: all terminal pairs are separated.
--------------------------------------------------
Running Exact...
Cut is valid: all terminal pairs are separated.
Benchmarking grid_10x10_k20_rep3
--------------------------------------------------
Running Heuristic...
Cut is valid: all terminal pairs are separated.
--------------------------------------------------
Running Parallel Heuristic...
Cut is valid: all terminal pairs are separated.
--------------------------------------------------
Running Approximation...
Cut is valid: all terminal pairs are separated.
--------------------------------------------------
Running Exact...
Cut is valid: all terminal pairs are separated.
Benchmarking grid_10x10_k20_rep4
--------------------------------------------------
Running Heuristic...
Cut is valid: all terminal pairs are separated.
--------------------------------------------------
Running Parallel Heuristic...
Cut is valid: all terminal pairs are separated.
--------------------------------------------------
Running Approximation...
Cut is valid: all terminal pairs are separated.
--------------------------------------------------
Running Exact...
Cut is valid: all terminal pairs are separated.
Writing CSV to: "/mnt/c/Users/Jyotsna Bellary/UniKonstanz/Year_2/Sem 3/Algorithm Engineering/jyotsna.bellary/Exam/build/../output_data/grid_output.csv"
Benchmarking grid_10x10_k30_rep0
--------------------------------------------------
Running Heuristic...
Cut is valid: all terminal pairs are separated.
--------------------------------------------------
Running Parallel Heuristic...
Cut is valid: all terminal pairs are separated.
--------------------------------------------------
Running Approximation...
Cut is valid: all terminal pairs are separated.
--------------------------------------------------
Running Exact...
Cut is valid: all terminal pairs are separated.
Benchmarking grid_10x10_k30_rep1
--------------------------------------------------
Running Heuristic...
Cut is valid: all terminal pairs are separated.
--------------------------------------------------
Running Parallel Heuristic...
Cut is valid: all terminal pairs are separated.
--------------------------------------------------
Running Approximation...
Cut is valid: all terminal pairs are separated.
--------------------------------------------------
Running Exact...
Cut is valid: all terminal pairs are separated.
Benchmarking grid_10x10_k30_rep2
--------------------------------------------------
Running Heuristic...
Cut is valid: all terminal pairs are separated.
--------------------------------------------------
Running Parallel Heuristic...
Cut is valid: all terminal pairs are separated.
--------------------------------------------------
Running Approximation...
Cut is valid: all terminal pairs are separated.
--------------------------------------------------
Running Exact...
Cut is valid: all terminal pairs are separated.
Benchmarking grid_10x10_k30_rep3
--------------------------------------------------
Running Heuristic...
Cut is valid: all terminal pairs are separated.
--------------------------------------------------
Running Parallel Heuristic...
Cut is valid: all terminal pairs are separated.
--------------------------------------------------
Running Approximation...
Cut is valid: all terminal pairs are separated.
--------------------------------------------------
Running Exact...
Cut is valid: all terminal pairs are separated.
Benchmarking grid_10x10_k30_rep4
--------------------------------------------------
Running Heuristic...
Cut is valid: all terminal pairs are separated.
--------------------------------------------------
Running Parallel Heuristic...
Cut is valid: all terminal pairs are separated.
--------------------------------------------------
Running Approximation...
Cut is valid: all terminal pairs are separated.
--------------------------------------------------
Running Exact...
Cut is valid: all terminal pairs are separated.
Skipping grid 10x10 with k=50 because not enough non-adjacent terminals could be chosen.
Skipping grid 10x10 with k=50 because not enough non-adjacent terminals could be chosen.
Skipping grid 10x10 with k=50 because not enough non-adjacent terminals could be chosen.
Skipping grid 10x10 with k=50 because not enough non-adjacent terminals could be chosen.
Skipping grid 10x10 with k=50 because not enough non-adjacent terminals could be chosen.
Benchmarking grid_20x25_k3_rep0
--------------------------------------------------
Running Heuristic...
Cut is valid: all terminal pairs are separated.
--------------------------------------------------
Running Parallel Heuristic...
Cut is valid: all terminal pairs are separated.
--------------------------------------------------
Running Approximation...
Cut is valid: all terminal pairs are separated.
--------------------------------------------------
Running Exact...
Cut is valid: all terminal pairs are separated.
Benchmarking grid_20x25_k3_rep1
--------------------------------------------------
Running Heuristic...
Cut is valid: all terminal pairs are separated.
--------------------------------------------------
Running Parallel Heuristic...
Cut is valid: all terminal pairs are separated.
--------------------------------------------------
Running Approximation...
Cut is valid: all terminal pairs are separated.
--------------------------------------------------
Running Exact...
Cut is valid: all terminal pairs are separated.
Benchmarking grid_20x25_k3_rep2
--------------------------------------------------
Running Heuristic...
Cut is valid: all terminal pairs are separated.
--------------------------------------------------
Running Parallel Heuristic...
Cut is valid: all terminal pairs are separated.
--------------------------------------------------
Running Approximation...
Cut is valid: all terminal pairs are separated.
--------------------------------------------------
Running Exact...
Cut is valid: all terminal pairs are separated.
Benchmarking grid_20x25_k3_rep3
--------------------------------------------------
Running Heuristic...
Cut is valid: all terminal pairs are separated.
--------------------------------------------------
Running Parallel Heuristic...
Cut is valid: all terminal pairs are separated.
--------------------------------------------------
Running Approximation...
Cut is valid: all terminal pairs are separated.
--------------------------------------------------
Running Exact...
Cut is valid: all terminal pairs are separated.
Benchmarking grid_20x25_k3_rep4
--------------------------------------------------
Running Heuristic...
Cut is valid: all terminal pairs are separated.
--------------------------------------------------
Running Parallel Heuristic...
Cut is valid: all terminal pairs are separated.
--------------------------------------------------
Running Approximation...
Cut is valid: all terminal pairs are separated.
--------------------------------------------------
Running Exact...
Cut is valid: all terminal pairs are separated.
Writing CSV to: "/mnt/c/Users/Jyotsna Bellary/UniKonstanz/Year_2/Sem 3/Algorithm Engineering/jyotsna.bellary/Exam/build/../output_data/grid_output.csv"
Benchmarking grid_20x25_k5_rep0
--------------------------------------------------
Running Heuristic...
Cut is valid: all terminal pairs are separated.
--------------------------------------------------
Running Parallel Heuristic...
Cut is valid: all terminal pairs are separated.
--------------------------------------------------
Running Approximation...
Cut is valid: all terminal pairs are separated.
--------------------------------------------------
Running Exact...
Cut is valid: all terminal pairs are separated.
Benchmarking grid_20x25_k5_rep1
--------------------------------------------------
Running Heuristic...
Cut is valid: all terminal pairs are separated.
--------------------------------------------------
Running Parallel Heuristic...
Cut is valid: all terminal pairs are separated.
--------------------------------------------------
Running Approximation...
Cut is valid: all terminal pairs are separated.
--------------------------------------------------
Running Exact...
Cut is valid: all terminal pairs are separated.
Benchmarking grid_20x25_k5_rep2
--------------------------------------------------
Running Heuristic...
Cut is valid: all terminal pairs are separated.
--------------------------------------------------
Running Parallel Heuristic...
Cut is valid: all terminal pairs are separated.
--------------------------------------------------
Running Approximation...
Cut is valid: all terminal pairs are separated.
--------------------------------------------------
Running Exact...
Cut is valid: all terminal pairs are separated.
Benchmarking grid_20x25_k5_rep3
--------------------------------------------------
Running Heuristic...
Cut is valid: all terminal pairs are separated.
--------------------------------------------------
Running Parallel Heuristic...
Cut is valid: all terminal pairs are separated.
--------------------------------------------------
Running Approximation...
Cut is valid: all terminal pairs are separated.
--------------------------------------------------
Running Exact...
Cut is valid: all terminal pairs are separated.
Benchmarking grid_20x25_k5_rep4
--------------------------------------------------
Running Heuristic...
Cut is valid: all terminal pairs are separated.
--------------------------------------------------
Running Parallel Heuristic...
Cut is valid: all terminal pairs are separated.
--------------------------------------------------
Running Approximation...
Cut is valid: all terminal pairs are separated.
--------------------------------------------------
Running Exact...
Cut is valid: all terminal pairs are separated.
Benchmarking grid_20x25_k10_rep0
--------------------------------------------------
Running Heuristic...
Cut is valid: all terminal pairs are separated.
--------------------------------------------------
Running Parallel Heuristic...
Cut is valid: all terminal pairs are separated.
--------------------------------------------------
Running Approximation...
Cut is valid: all terminal pairs are separated.
--------------------------------------------------
Running Exact...
Cut is valid: all terminal pairs are separated.
Benchmarking grid_20x25_k10_rep1
--------------------------------------------------
Running Heuristic...
Cut is valid: all terminal pairs are separated.
--------------------------------------------------
Running Parallel Heuristic...
Cut is valid: all terminal pairs are separated.
--------------------------------------------------
Running Approximation...
Cut is valid: all terminal pairs are separated.
--------------------------------------------------
Running Exact...
Cut is valid: all terminal pairs are separated.
Benchmarking grid_20x25_k10_rep2
--------------------------------------------------
Running Heuristic...
Cut is valid: all terminal pairs are separated.
--------------------------------------------------
Running Parallel Heuristic...
Cut is valid: all terminal pairs are separated.
--------------------------------------------------
Running Approximation...
Cut is valid: all terminal pairs are separated.
--------------------------------------------------
Running Exact...
Cut is valid: all terminal pairs are separated.
Benchmarking grid_20x25_k10_rep3
--------------------------------------------------
Running Heuristic...
Cut is valid: all terminal pairs are separated.
--------------------------------------------------
Running Parallel Heuristic...
Cut is valid: all terminal pairs are separated.
--------------------------------------------------
Running Approximation...
Cut is valid: all terminal pairs are separated.
--------------------------------------------------
Running Exact...
Cut is valid: all terminal pairs are separated.
Benchmarking grid_20x25_k10_rep4
--------------------------------------------------
Running Heuristic...
Cut is valid: all terminal pairs are separated.
--------------------------------------------------
Running Parallel Heuristic...
Cut is valid: all terminal pairs are separated.
--------------------------------------------------
Running Approximation...
Cut is valid: all terminal pairs are separated.
--------------------------------------------------
Running Exact...
Cut is valid: all terminal pairs are separated.
Writing CSV to: "/mnt/c/Users/Jyotsna Bellary/UniKonstanz/Year_2/Sem 3/Algorithm Engineering/jyotsna.bellary/Exam/build/../output_data/grid_output.csv"
Benchmarking grid_20x25_k20_rep0
--------------------------------------------------
Running Heuristic...
Cut is valid: all terminal pairs are separated.
--------------------------------------------------
Running Parallel Heuristic...
Cut is valid: all terminal pairs are separated.
--------------------------------------------------
Running Approximation...
Failed to compute LP solution within time limit.
--------------------------------------------------
Running Exact...
Cut is valid: all terminal pairs are separated.
Benchmarking grid_20x25_k20_rep1
--------------------------------------------------
Running Heuristic...
Cut is valid: all terminal pairs are separated.
--------------------------------------------------
Running Parallel Heuristic...
Cut is valid: all terminal pairs are separated.
--------------------------------------------------
Running Approximation...
Failed to compute LP solution within time limit.
--------------------------------------------------
Running Exact...
Cut is valid: all terminal pairs are separated.
Benchmarking grid_20x25_k20_rep2
--------------------------------------------------
Running Heuristic...
Cut is valid: all terminal pairs are separated.
--------------------------------------------------
Running Parallel Heuristic...
Cut is valid: all terminal pairs are separated.
--------------------------------------------------
Running Approximation...
Failed to compute LP solution within time limit.
--------------------------------------------------
Running Exact...
Cut is valid: all terminal pairs are separated.
Benchmarking grid_20x25_k20_rep3
--------------------------------------------------
Running Heuristic...
Cut is valid: all terminal pairs are separated.
--------------------------------------------------
Running Parallel Heuristic...
Cut is valid: all terminal pairs are separated.
--------------------------------------------------
Running Approximation...
Failed to compute LP solution within time limit.
--------------------------------------------------
Running Exact...
Cut is valid: all terminal pairs are separated.
Benchmarking grid_20x25_k20_rep4
--------------------------------------------------
Running Heuristic...
Cut is valid: all terminal pairs are separated.
--------------------------------------------------
Running Parallel Heuristic...
Cut is valid: all terminal pairs are separated.
--------------------------------------------------
Running Approximation...
Failed to compute LP solution within time limit.
--------------------------------------------------
Running Exact...
Cut is valid: all terminal pairs are separated.
Benchmarking grid_20x25_k30_rep0
--------------------------------------------------
Running Heuristic...
Cut is valid: all terminal pairs are separated.
--------------------------------------------------
Running Parallel Heuristic...
Cut is valid: all terminal pairs are separated.
--------------------------------------------------
Running Approximation...
Failed to compute LP solution within time limit.
--------------------------------------------------
Running Exact...
Cut is valid: all terminal pairs are separated.
Benchmarking grid_20x25_k30_rep1
--------------------------------------------------
Running Heuristic...
Cut is valid: all terminal pairs are separated.
--------------------------------------------------
Running Parallel Heuristic...
Cut is valid: all terminal pairs are separated.
--------------------------------------------------
Running Approximation...
Failed to compute LP solution within time limit.
--------------------------------------------------
Running Exact...
Cut is valid: all terminal pairs are separated.
Benchmarking grid_20x25_k30_rep2
--------------------------------------------------
Running Heuristic...
Cut is valid: all terminal pairs are separated.
--------------------------------------------------
Running Parallel Heuristic...
Cut is valid: all terminal pairs are separated.
--------------------------------------------------
Running Approximation...
Failed to compute LP solution within time limit.
--------------------------------------------------
Running Exact...
Cut is valid: all terminal pairs are separated.
Benchmarking grid_20x25_k30_rep3
--------------------------------------------------
Running Heuristic...
Cut is valid: all terminal pairs are separated.
--------------------------------------------------
Running Parallel Heuristic...
Cut is valid: all terminal pairs are separated.
--------------------------------------------------
Running Approximation...
Failed to compute LP solution within time limit.
--------------------------------------------------
Running Exact...
Cut is valid: all terminal pairs are separated.
Benchmarking grid_20x25_k30_rep4
--------------------------------------------------
Running Heuristic...
Cut is valid: all terminal pairs are separated.
--------------------------------------------------
Running Parallel Heuristic...
Cut is valid: all terminal pairs are separated.
--------------------------------------------------
Running Approximation...
Failed to compute LP solution within time limit.
--------------------------------------------------
Running Exact...
Cut is valid: all terminal pairs are separated.
Writing CSV to: "/mnt/c/Users/Jyotsna Bellary/UniKonstanz/Year_2/Sem 3/Algorithm Engineering/jyotsna.bellary/Exam/build/../output_data/grid_output.csv"
Benchmarking grid_20x25_k50_rep0
--------------------------------------------------
Running Heuristic...
Cut is valid: all terminal pairs are separated.
--------------------------------------------------
Running Parallel Heuristic...
Cut is valid: all terminal pairs are separated.
--------------------------------------------------
Running Approximation...
Failed to compute LP solution within time limit.
--------------------------------------------------
Running Exact...
Cut is valid: all terminal pairs are separated.
Benchmarking grid_20x25_k50_rep1
--------------------------------------------------
Running Heuristic...
Cut is valid: all terminal pairs are separated.
--------------------------------------------------
Running Parallel Heuristic...
Cut is valid: all terminal pairs are separated.
--------------------------------------------------
Running Approximation...
Failed to compute LP solution within time limit.
--------------------------------------------------
Running Exact...
Cut is valid: all terminal pairs are separated.
Benchmarking grid_20x25_k50_rep2
--------------------------------------------------
Running Heuristic...
Cut is valid: all terminal pairs are separated.
--------------------------------------------------
Running Parallel Heuristic...
Cut is valid: all terminal pairs are separated.
--------------------------------------------------
Running Approximation...
Failed to compute LP solution within time limit.
--------------------------------------------------
Running Exact...
Cut is valid: all terminal pairs are separated.
Benchmarking grid_20x25_k50_rep3
--------------------------------------------------
Running Heuristic...
Cut is valid: all terminal pairs are separated.
--------------------------------------------------
Running Parallel Heuristic...
Cut is valid: all terminal pairs are separated.
--------------------------------------------------
Running Approximation...
Failed to compute LP solution within time limit.
--------------------------------------------------
Running Exact...
Cut is valid: all terminal pairs are separated.
Benchmarking grid_20x25_k50_rep4
--------------------------------------------------
Running Heuristic...
Cut is valid: all terminal pairs are separated.
--------------------------------------------------
Running Parallel Heuristic...
Cut is valid: all terminal pairs are separated.
--------------------------------------------------
Running Approximation...
Failed to compute LP solution within time limit.
--------------------------------------------------
Running Exact...
Cut is valid: all terminal pairs are separated.
Benchmarking grid_25x40_k3_rep0
--------------------------------------------------
Running Heuristic...
Cut is valid: all terminal pairs are separated.
--------------------------------------------------
Running Parallel Heuristic...
Cut is valid: all terminal pairs are separated.
--------------------------------------------------
Running Approximation...
Cut is valid: all terminal pairs are separated.
--------------------------------------------------
Running Exact...
Cut is valid: all terminal pairs are separated.
Benchmarking grid_25x40_k3_rep1
--------------------------------------------------
Running Heuristic...
Cut is valid: all terminal pairs are separated.
--------------------------------------------------
Running Parallel Heuristic...
Cut is valid: all terminal pairs are separated.
--------------------------------------------------
Running Approximation...
Cut is valid: all terminal pairs are separated.
--------------------------------------------------
Running Exact...
Cut is valid: all terminal pairs are separated.
Benchmarking grid_25x40_k3_rep2
--------------------------------------------------
Running Heuristic...
Cut is valid: all terminal pairs are separated.
--------------------------------------------------
Running Parallel Heuristic...
Cut is valid: all terminal pairs are separated.
--------------------------------------------------
Running Approximation...
Cut is valid: all terminal pairs are separated.
--------------------------------------------------
Running Exact...
Cut is valid: all terminal pairs are separated.
Benchmarking grid_25x40_k3_rep3
--------------------------------------------------
Running Heuristic...
Cut is valid: all terminal pairs are separated.
--------------------------------------------------
Running Parallel Heuristic...
Cut is valid: all terminal pairs are separated.
--------------------------------------------------
Running Approximation...
Cut is valid: all terminal pairs are separated.
--------------------------------------------------
Running Exact...
Cut is valid: all terminal pairs are separated.
Benchmarking grid_25x40_k3_rep4
--------------------------------------------------
Running Heuristic...
Cut is valid: all terminal pairs are separated.
--------------------------------------------------
Running Parallel Heuristic...
Cut is valid: all terminal pairs are separated.
--------------------------------------------------
Running Approximation...
Cut is valid: all terminal pairs are separated.
--------------------------------------------------
Running Exact...
Cut is valid: all terminal pairs are separated.
Writing CSV to: "/mnt/c/Users/Jyotsna Bellary/UniKonstanz/Year_2/Sem 3/Algorithm Engineering/jyotsna.bellary/Exam/build/../output_data/grid_output.csv"
Benchmarking grid_25x40_k5_rep0
--------------------------------------------------
Running Heuristic...
Cut is valid: all terminal pairs are separated.
--------------------------------------------------
Running Parallel Heuristic...
Cut is valid: all terminal pairs are separated.
--------------------------------------------------
Running Approximation...
Cut is valid: all terminal pairs are separated.
--------------------------------------------------
Running Exact...
Cut is valid: all terminal pairs are separated.
Benchmarking grid_25x40_k5_rep1
--------------------------------------------------
Running Heuristic...
Cut is valid: all terminal pairs are separated.
--------------------------------------------------
Running Parallel Heuristic...
Cut is valid: all terminal pairs are separated.
--------------------------------------------------
Running Approximation...
Cut is valid: all terminal pairs are separated.
--------------------------------------------------
Running Exact...
Cut is valid: all terminal pairs are separated.
Benchmarking grid_25x40_k5_rep2
--------------------------------------------------
Running Heuristic...
Cut is valid: all terminal pairs are separated.
--------------------------------------------------
Running Parallel Heuristic...
Cut is valid: all terminal pairs are separated.
--------------------------------------------------
Running Approximation...
Cut is valid: all terminal pairs are separated.
--------------------------------------------------
Running Exact...
Cut is valid: all terminal pairs are separated.
Benchmarking grid_25x40_k5_rep3
--------------------------------------------------
Running Heuristic...
Cut is valid: all terminal pairs are separated.
--------------------------------------------------
Running Parallel Heuristic...
Cut is valid: all terminal pairs are separated.
--------------------------------------------------
Running Approximation...
Cut is valid: all terminal pairs are separated.
--------------------------------------------------
Running Exact...
Cut is valid: all terminal pairs are separated.
Benchmarking grid_25x40_k5_rep4
--------------------------------------------------
Running Heuristic...
Cut is valid: all terminal pairs are separated.
--------------------------------------------------
Running Parallel Heuristic...
Cut is valid: all terminal pairs are separated.
--------------------------------------------------
Running Approximation...
Cut is valid: all terminal pairs are separated.
--------------------------------------------------
Running Exact...
Cut is valid: all terminal pairs are separated.
Benchmarking grid_25x40_k10_rep0
--------------------------------------------------
Running Heuristic...
Cut is valid: all terminal pairs are separated.
--------------------------------------------------
Running Parallel Heuristic...
Cut is valid: all terminal pairs are separated.
--------------------------------------------------
Running Approximation...
Failed to compute LP solution within time limit.
--------------------------------------------------
Running Exact...
Cut is valid: all terminal pairs are separated.
Benchmarking grid_25x40_k10_rep1
--------------------------------------------------
Running Heuristic...
Cut is valid: all terminal pairs are separated.
--------------------------------------------------
Running Parallel Heuristic...
Cut is valid: all terminal pairs are separated.
--------------------------------------------------
Running Approximation...
Failed to compute LP solution within time limit.
--------------------------------------------------
Running Exact...
Cut is valid: all terminal pairs are separated.
Benchmarking grid_25x40_k10_rep2
--------------------------------------------------
Running Heuristic...
Cut is valid: all terminal pairs are separated.
--------------------------------------------------
Running Parallel Heuristic...
Cut is valid: all terminal pairs are separated.
--------------------------------------------------
Running Approximation...
Failed to compute LP solution within time limit.
--------------------------------------------------
Running Exact...
Cut is valid: all terminal pairs are separated.
Benchmarking grid_25x40_k10_rep3
--------------------------------------------------
Running Heuristic...
Cut is valid: all terminal pairs are separated.
--------------------------------------------------
Running Parallel Heuristic...
Cut is valid: all terminal pairs are separated.
--------------------------------------------------
Running Approximation...
Failed to compute LP solution within time limit.
--------------------------------------------------
Running Exact...
Cut is valid: all terminal pairs are separated.
Benchmarking grid_25x40_k10_rep4
--------------------------------------------------
Running Heuristic...
Cut is valid: all terminal pairs are separated.
--------------------------------------------------
Running Parallel Heuristic...
Cut is valid: all terminal pairs are separated.
--------------------------------------------------
Running Approximation...
Failed to compute LP solution within time limit.
--------------------------------------------------
Running Exact...
Cut is valid: all terminal pairs are separated.
Writing CSV to: "/mnt/c/Users/Jyotsna Bellary/UniKonstanz/Year_2/Sem 3/Algorithm Engineering/jyotsna.bellary/Exam/build/../output_data/grid_output.csv"
Benchmarking grid_25x40_k20_rep0
--------------------------------------------------
Running Heuristic...
Cut is valid: all terminal pairs are separated.
--------------------------------------------------
Running Parallel Heuristic...
Cut is valid: all terminal pairs are separated.
--------------------------------------------------
Running Approximation...
Failed to compute LP solution within time limit.
--------------------------------------------------
Running Exact...
Cut is valid: all terminal pairs are separated.
Benchmarking grid_25x40_k20_rep1
--------------------------------------------------
Running Heuristic...
Cut is valid: all terminal pairs are separated.
--------------------------------------------------
Running Parallel Heuristic...
Cut is valid: all terminal pairs are separated.
--------------------------------------------------
Running Approximation...
Failed to compute LP solution within time limit.
--------------------------------------------------
Running Exact...
Cut is valid: all terminal pairs are separated.
Benchmarking grid_25x40_k20_rep2
--------------------------------------------------
Running Heuristic...
Cut is valid: all terminal pairs are separated.
--------------------------------------------------
Running Parallel Heuristic...
Cut is valid: all terminal pairs are separated.
--------------------------------------------------
Running Approximation...
Failed to compute LP solution within time limit.
--------------------------------------------------
Running Exact...
Cut is valid: all terminal pairs are separated.
Benchmarking grid_25x40_k20_rep3
--------------------------------------------------
Running Heuristic...
Cut is valid: all terminal pairs are separated.
--------------------------------------------------
Running Parallel Heuristic...
Cut is valid: all terminal pairs are separated.
--------------------------------------------------
Running Approximation...
Failed to compute LP solution within time limit.
--------------------------------------------------
Running Exact...
Cut is valid: all terminal pairs are separated.
Benchmarking grid_25x40_k20_rep4
--------------------------------------------------
Running Heuristic...
Cut is valid: all terminal pairs are separated.
--------------------------------------------------
Running Parallel Heuristic...
Cut is valid: all terminal pairs are separated.
--------------------------------------------------
Running Approximation...
Failed to compute LP solution within time limit.
--------------------------------------------------
Running Exact...
Cut is valid: all terminal pairs are separated.
Benchmarking grid_25x40_k30_rep0
--------------------------------------------------
Running Heuristic...
Cut is valid: all terminal pairs are separated.
--------------------------------------------------
Running Parallel Heuristic...
Cut is valid: all terminal pairs are separated.
--------------------------------------------------
Running Approximation...
Failed to compute LP solution within time limit.
--------------------------------------------------
Running Exact...
Cut is valid: all terminal pairs are separated.
Benchmarking grid_25x40_k30_rep1
--------------------------------------------------
Running Heuristic...
Cut is valid: all terminal pairs are separated.
--------------------------------------------------
Running Parallel Heuristic...
Cut is valid: all terminal pairs are separated.
--------------------------------------------------
Running Approximation...
Failed to compute LP solution within time limit.
--------------------------------------------------
Running Exact...
Cut is valid: all terminal pairs are separated.
Benchmarking grid_25x40_k30_rep2
--------------------------------------------------
Running Heuristic...
Cut is valid: all terminal pairs are separated.
--------------------------------------------------
Running Parallel Heuristic...
Cut is valid: all terminal pairs are separated.
--------------------------------------------------
Running Approximation...
Failed to compute LP solution within time limit.
--------------------------------------------------
Running Exact...
Cut is valid: all terminal pairs are separated.
Benchmarking grid_25x40_k30_rep3
--------------------------------------------------
Running Heuristic...
Cut is valid: all terminal pairs are separated.
--------------------------------------------------
Running Parallel Heuristic...
Cut is valid: all terminal pairs are separated.
--------------------------------------------------
Running Approximation...
Failed to compute LP solution within time limit.
--------------------------------------------------
Running Exact...
Cut is valid: all terminal pairs are separated.
Benchmarking grid_25x40_k30_rep4
--------------------------------------------------
Running Heuristic...
Cut is valid: all terminal pairs are separated.
--------------------------------------------------
Running Parallel Heuristic...
Cut is valid: all terminal pairs are separated.
--------------------------------------------------
Running Approximation...
Failed to compute LP solution within time limit.
--------------------------------------------------
Running Exact...
Cut is valid: all terminal pairs are separated.
Writing CSV to: "/mnt/c/Users/Jyotsna Bellary/UniKonstanz/Year_2/Sem 3/Algorithm Engineering/jyotsna.bellary/Exam/build/../output_data/grid_output.csv"
Benchmarking grid_25x40_k50_rep0
--------------------------------------------------
Running Heuristic...
Cut is valid: all terminal pairs are separated.
--------------------------------------------------
Running Parallel Heuristic...
Cut is valid: all terminal pairs are separated.
--------------------------------------------------
Running Approximation...
Failed to compute LP solution within time limit.
--------------------------------------------------
Running Exact...
Cut is valid: all terminal pairs are separated.
Benchmarking grid_25x40_k50_rep1
--------------------------------------------------
Running Heuristic...
Cut is valid: all terminal pairs are separated.
--------------------------------------------------
Running Parallel Heuristic...
Cut is valid: all terminal pairs are separated.
--------------------------------------------------
Running Approximation...
Failed to compute LP solution within time limit.
--------------------------------------------------
Running Exact...
Cut is valid: all terminal pairs are separated.
Benchmarking grid_25x40_k50_rep2
--------------------------------------------------
Running Heuristic...
Cut is valid: all terminal pairs are separated.
--------------------------------------------------
Running Parallel Heuristic...
Cut is valid: all terminal pairs are separated.
--------------------------------------------------
Running Approximation...
Failed to compute LP solution within time limit.
--------------------------------------------------
Running Exact...
Cut is valid: all terminal pairs are separated.
Benchmarking grid_25x40_k50_rep3
--------------------------------------------------
Running Heuristic...
Cut is valid: all terminal pairs are separated.
--------------------------------------------------
Running Parallel Heuristic...
Cut is valid: all terminal pairs are separated.
--------------------------------------------------
Running Approximation...
Failed to compute LP solution within time limit.
--------------------------------------------------
Running Exact...
Cut is valid: all terminal pairs are separated.
Benchmarking grid_25x40_k50_rep4
--------------------------------------------------
Running Heuristic...
Cut is valid: all terminal pairs are separated.
--------------------------------------------------
Running Parallel Heuristic...
Cut is valid: all terminal pairs are separated.
--------------------------------------------------
Running Approximation...
Failed to compute LP solution within time limit.
--------------------------------------------------
Running Exact...
Cut is valid: all terminal pairs are separated.
Benchmarking grid_30x50_k3_rep0
--------------------------------------------------
Running Heuristic...
Cut is valid: all terminal pairs are separated.
--------------------------------------------------
Running Parallel Heuristic...
Cut is valid: all terminal pairs are separated.
--------------------------------------------------
Running Approximation...
Cut is valid: all terminal pairs are separated.
--------------------------------------------------
Running Exact...
Cut is valid: all terminal pairs are separated.
Benchmarking grid_30x50_k3_rep1
--------------------------------------------------
Running Heuristic...
Cut is valid: all terminal pairs are separated.
--------------------------------------------------
Running Parallel Heuristic...
Cut is valid: all terminal pairs are separated.
--------------------------------------------------
Running Approximation...
Cut is valid: all terminal pairs are separated.
--------------------------------------------------
Running Exact...
Cut is valid: all terminal pairs are separated.
Benchmarking grid_30x50_k3_rep2
--------------------------------------------------
Running Heuristic...
Cut is valid: all terminal pairs are separated.
--------------------------------------------------
Running Parallel Heuristic...
Cut is valid: all terminal pairs are separated.
--------------------------------------------------
Running Approximation...
Cut is valid: all terminal pairs are separated.
--------------------------------------------------
Running Exact...
Cut is valid: all terminal pairs are separated.
Benchmarking grid_30x50_k3_rep3
--------------------------------------------------
Running Heuristic...
Cut is valid: all terminal pairs are separated.
--------------------------------------------------
Running Parallel Heuristic...
Cut is valid: all terminal pairs are separated.
--------------------------------------------------
Running Approximation...
Cut is valid: all terminal pairs are separated.
--------------------------------------------------
Running Exact...
Cut is valid: all terminal pairs are separated.
Benchmarking grid_30x50_k3_rep4
--------------------------------------------------
Running Heuristic...
Cut is valid: all terminal pairs are separated.
--------------------------------------------------
Running Parallel Heuristic...
Cut is valid: all terminal pairs are separated.
--------------------------------------------------
Running Approximation...
Cut is valid: all terminal pairs are separated.
--------------------------------------------------
Running Exact...
Cut is valid: all terminal pairs are separated.
Writing CSV to: "/mnt/c/Users/Jyotsna Bellary/UniKonstanz/Year_2/Sem 3/Algorithm Engineering/jyotsna.bellary/Exam/build/../output_data/grid_output.csv"
Benchmarking grid_30x50_k5_rep0
--------------------------------------------------
Running Heuristic...
Cut is valid: all terminal pairs are separated.
--------------------------------------------------
Running Parallel Heuristic...
Cut is valid: all terminal pairs are separated.
--------------------------------------------------
Running Approximation...
Cut is valid: all terminal pairs are separated.
--------------------------------------------------
Running Exact...
Cut is valid: all terminal pairs are separated.
Benchmarking grid_30x50_k5_rep1
--------------------------------------------------
Running Heuristic...
Cut is valid: all terminal pairs are separated.
--------------------------------------------------
Running Parallel Heuristic...
Cut is valid: all terminal pairs are separated.
--------------------------------------------------
Running Approximation...
Cut is valid: all terminal pairs are separated.
--------------------------------------------------
Running Exact...
Cut is valid: all terminal pairs are separated.
Benchmarking grid_30x50_k5_rep2
--------------------------------------------------
Running Heuristic...
Cut is valid: all terminal pairs are separated.
--------------------------------------------------
Running Parallel Heuristic...
Cut is valid: all terminal pairs are separated.
--------------------------------------------------
Running Approximation...
Cut is valid: all terminal pairs are separated.
--------------------------------------------------
Running Exact...
Cut is valid: all terminal pairs are separated.
Benchmarking grid_30x50_k5_rep3
--------------------------------------------------
Running Heuristic...
Cut is valid: all terminal pairs are separated.
--------------------------------------------------
Running Parallel Heuristic...
Cut is valid: all terminal pairs are separated.
--------------------------------------------------
Running Approximation...
Cut is valid: all terminal pairs are separated.
--------------------------------------------------
Running Exact...
Cut is valid: all terminal pairs are separated.
Benchmarking grid_30x50_k5_rep4
--------------------------------------------------
Running Heuristic...
Cut is valid: all terminal pairs are separated.
--------------------------------------------------
Running Parallel Heuristic...
Cut is valid: all terminal pairs are separated.
--------------------------------------------------
Running Approximation...
Cut is valid: all terminal pairs are separated.
--------------------------------------------------
Running Exact...
Cut is valid: all terminal pairs are separated.
Benchmarking grid_30x50_k10_rep0
--------------------------------------------------
Running Heuristic...
Cut is valid: all terminal pairs are separated.
--------------------------------------------------
Running Parallel Heuristic...
Cut is valid: all terminal pairs are separated.
--------------------------------------------------
Running Approximation...
Failed to compute LP solution within time limit.
--------------------------------------------------
Running Exact...
Cut is valid: all terminal pairs are separated.
Benchmarking grid_30x50_k10_rep1
--------------------------------------------------
Running Heuristic...
Cut is valid: all terminal pairs are separated.
--------------------------------------------------
Running Parallel Heuristic...
Cut is valid: all terminal pairs are separated.
--------------------------------------------------
Running Approximation...
Failed to compute LP solution within time limit.
--------------------------------------------------
Running Exact...
Cut is valid: all terminal pairs are separated.
Benchmarking grid_30x50_k10_rep2
--------------------------------------------------
Running Heuristic...
Cut is valid: all terminal pairs are separated.
--------------------------------------------------
Running Parallel Heuristic...
Cut is valid: all terminal pairs are separated.
--------------------------------------------------
Running Approximation...
Failed to compute LP solution within time limit.
--------------------------------------------------
Running Exact...
Cut is valid: all terminal pairs are separated.
Benchmarking grid_30x50_k10_rep3
--------------------------------------------------
Running Heuristic...
Cut is valid: all terminal pairs are separated.
--------------------------------------------------
Running Parallel Heuristic...
Cut is valid: all terminal pairs are separated.
--------------------------------------------------
Running Approximation...
Failed to compute LP solution within time limit.
--------------------------------------------------
Running Exact...
Cut is valid: all terminal pairs are separated.
Benchmarking grid_30x50_k10_rep4
--------------------------------------------------
Running Heuristic...
Cut is valid: all terminal pairs are separated.
--------------------------------------------------
Running Parallel Heuristic...
Cut is valid: all terminal pairs are separated.
--------------------------------------------------
Running Approximation...
Failed to compute LP solution within time limit.
--------------------------------------------------
Running Exact...
Cut is valid: all terminal pairs are separated.
Writing CSV to: "/mnt/c/Users/Jyotsna Bellary/UniKonstanz/Year_2/Sem 3/Algorithm Engineering/jyotsna.bellary/Exam/build/../output_data/grid_output.csv"
Benchmarking grid_30x50_k20_rep0
--------------------------------------------------
Running Heuristic...
Cut is valid: all terminal pairs are separated.
--------------------------------------------------
Running Parallel Heuristic...
Cut is valid: all terminal pairs are separated.
--------------------------------------------------
Running Approximation...
Failed to compute LP solution within time limit.
--------------------------------------------------
Running Exact...
Cut is valid: all terminal pairs are separated.
Benchmarking grid_30x50_k20_rep1
--------------------------------------------------
Running Heuristic...
Cut is valid: all terminal pairs are separated.
--------------------------------------------------
Running Parallel Heuristic...
Cut is valid: all terminal pairs are separated.
--------------------------------------------------
Running Approximation...
Failed to compute LP solution within time limit.
--------------------------------------------------
Running Exact...
Cut is valid: all terminal pairs are separated.
Benchmarking grid_30x50_k20_rep2
--------------------------------------------------
Running Heuristic...
Cut is valid: all terminal pairs are separated.
--------------------------------------------------
Running Parallel Heuristic...
Cut is valid: all terminal pairs are separated.
--------------------------------------------------
Running Approximation...
Failed to compute LP solution within time limit.
--------------------------------------------------
Running Exact...
Cut is valid: all terminal pairs are separated.
Benchmarking grid_30x50_k20_rep3
--------------------------------------------------
Running Heuristic...
Cut is valid: all terminal pairs are separated.
--------------------------------------------------
Running Parallel Heuristic...
Cut is valid: all terminal pairs are separated.
--------------------------------------------------
Running Approximation...
Failed to compute LP solution within time limit.
--------------------------------------------------
Running Exact...
Cut is valid: all terminal pairs are separated.
Benchmarking grid_30x50_k20_rep4
--------------------------------------------------
Running Heuristic...
Cut is valid: all terminal pairs are separated.
--------------------------------------------------
Running Parallel Heuristic...
Cut is valid: all terminal pairs are separated.
--------------------------------------------------
Running Approximation...
Failed to compute LP solution within time limit.
--------------------------------------------------
Running Exact...
Cut is valid: all terminal pairs are separated.
Benchmarking grid_30x50_k30_rep0
--------------------------------------------------
Running Heuristic...
Cut is valid: all terminal pairs are separated.
--------------------------------------------------
Running Parallel Heuristic...
Cut is valid: all terminal pairs are separated.
--------------------------------------------------
Running Approximation...
Failed to compute LP solution within time limit.
--------------------------------------------------
Running Exact...
Cut is valid: all terminal pairs are separated.
Benchmarking grid_30x50_k30_rep1
--------------------------------------------------
Running Heuristic...
Cut is valid: all terminal pairs are separated.
--------------------------------------------------
Running Parallel Heuristic...
Cut is valid: all terminal pairs are separated.
--------------------------------------------------
Running Approximation...
Failed to compute LP solution within time limit.
--------------------------------------------------
Running Exact...
Cut is valid: all terminal pairs are separated.
Benchmarking grid_30x50_k30_rep2
--------------------------------------------------
Running Heuristic...
Cut is valid: all terminal pairs are separated.
--------------------------------------------------
Running Parallel Heuristic...
Cut is valid: all terminal pairs are separated.
--------------------------------------------------
Running Approximation...
Failed to compute LP solution within time limit.
--------------------------------------------------
Running Exact...
Cut is valid: all terminal pairs are separated.
Benchmarking grid_30x50_k30_rep3
--------------------------------------------------
Running Heuristic...
Cut is valid: all terminal pairs are separated.
--------------------------------------------------
Running Parallel Heuristic...
Cut is valid: all terminal pairs are separated.
--------------------------------------------------
Running Approximation...
Failed to compute LP solution within time limit.
--------------------------------------------------
Running Exact...
Cut is valid: all terminal pairs are separated.
Benchmarking grid_30x50_k30_rep4
--------------------------------------------------
Running Heuristic...
Cut is valid: all terminal pairs are separated.
--------------------------------------------------
Running Parallel Heuristic...
Cut is valid: all terminal pairs are separated.
--------------------------------------------------
Running Approximation...
Failed to compute LP solution within time limit.
--------------------------------------------------
Running Exact...
Cut is valid: all terminal pairs are separated.
Writing CSV to: "/mnt/c/Users/Jyotsna Bellary/UniKonstanz/Year_2/Sem 3/Algorithm Engineering/jyotsna.bellary/Exam/build/../output_data/grid_output.csv"
Benchmarking grid_30x50_k50_rep0
--------------------------------------------------
Running Heuristic...
Cut is valid: all terminal pairs are separated.
--------------------------------------------------
Running Parallel Heuristic...
Cut is valid: all terminal pairs are separated.
--------------------------------------------------
Running Approximation...
Failed to compute LP solution within time limit.
--------------------------------------------------
Running Exact...
Cut is valid: all terminal pairs are separated.
Benchmarking grid_30x50_k50_rep1
--------------------------------------------------
Running Heuristic...
Cut is valid: all terminal pairs are separated.
--------------------------------------------------
Running Parallel Heuristic...
Cut is valid: all terminal pairs are separated.
--------------------------------------------------
Running Approximation...
Failed to compute LP solution within time limit.
--------------------------------------------------
Running Exact...
Cut is valid: all terminal pairs are separated.
Benchmarking grid_30x50_k50_rep2
--------------------------------------------------
Running Heuristic...
Cut is valid: all terminal pairs are separated.
--------------------------------------------------
Running Parallel Heuristic...
Cut is valid: all terminal pairs are separated.
--------------------------------------------------
Running Approximation...
Failed to compute LP solution within time limit.
--------------------------------------------------
Running Exact...
Cut is valid: all terminal pairs are separated.
Benchmarking grid_30x50_k50_rep3
--------------------------------------------------
Running Heuristic...
Cut is valid: all terminal pairs are separated.
--------------------------------------------------
Running Parallel Heuristic...
Cut is valid: all terminal pairs are separated.
--------------------------------------------------
Running Approximation...
Failed to compute LP solution within time limit.
--------------------------------------------------
Running Exact...
Cut is valid: all terminal pairs are separated.
Benchmarking grid_30x50_k50_rep4
--------------------------------------------------
Running Heuristic...
Cut is valid: all terminal pairs are separated.
--------------------------------------------------
Running Parallel Heuristic...
Cut is valid: all terminal pairs are separated.
--------------------------------------------------
Running Approximation...
Failed to compute LP solution within time limit.
--------------------------------------------------
Running Exact...
Cut is valid: all terminal pairs are separated.
Benchmarking grid_40x50_k3_rep0
--------------------------------------------------
Running Heuristic...
Cut is valid: all terminal pairs are separated.
--------------------------------------------------
Running Parallel Heuristic...
Cut is valid: all terminal pairs are separated.
--------------------------------------------------
Running Approximation...
Cut is valid: all terminal pairs are separated.
--------------------------------------------------
Running Exact...
Cut is valid: all terminal pairs are separated.
Benchmarking grid_40x50_k3_rep1
--------------------------------------------------
Running Heuristic...
Cut is valid: all terminal pairs are separated.
--------------------------------------------------
Running Parallel Heuristic...
Cut is valid: all terminal pairs are separated.
--------------------------------------------------
Running Approximation...
Cut is valid: all terminal pairs are separated.
--------------------------------------------------
Running Exact...
Cut is valid: all terminal pairs are separated.
Benchmarking grid_40x50_k3_rep2
--------------------------------------------------
Running Heuristic...
Cut is valid: all terminal pairs are separated.
--------------------------------------------------
Running Parallel Heuristic...
Cut is valid: all terminal pairs are separated.
--------------------------------------------------
Running Approximation...
Cut is valid: all terminal pairs are separated.
--------------------------------------------------
Running Exact...
Cut is valid: all terminal pairs are separated.
Benchmarking grid_40x50_k3_rep3
--------------------------------------------------
Running Heuristic...
Cut is valid: all terminal pairs are separated.
--------------------------------------------------
Running Parallel Heuristic...
Cut is valid: all terminal pairs are separated.
--------------------------------------------------
Running Approximation...
Cut is valid: all terminal pairs are separated.
--------------------------------------------------
Running Exact...
Cut is valid: all terminal pairs are separated.
Benchmarking grid_40x50_k3_rep4
--------------------------------------------------
Running Heuristic...
Cut is valid: all terminal pairs are separated.
--------------------------------------------------
Running Parallel Heuristic...
Cut is valid: all terminal pairs are separated.
--------------------------------------------------
Running Approximation...
Cut is valid: all terminal pairs are separated.
--------------------------------------------------
Running Exact...
Cut is valid: all terminal pairs are separated.
Writing CSV to: "/mnt/c/Users/Jyotsna Bellary/UniKonstanz/Year_2/Sem 3/Algorithm Engineering/jyotsna.bellary/Exam/build/../output_data/grid_output.csv"
Benchmarking grid_40x50_k5_rep0
--------------------------------------------------
Running Heuristic...
Cut is valid: all terminal pairs are separated.
--------------------------------------------------
Running Parallel Heuristic...
Cut is valid: all terminal pairs are separated.
--------------------------------------------------
Running Approximation...
Failed to compute LP solution within time limit.
--------------------------------------------------
Running Exact...
Cut is valid: all terminal pairs are separated.
Benchmarking grid_40x50_k5_rep1
--------------------------------------------------
Running Heuristic...
Cut is valid: all terminal pairs are separated.
--------------------------------------------------
Running Parallel Heuristic...
Cut is valid: all terminal pairs are separated.
--------------------------------------------------
Running Approximation...
Failed to compute LP solution within time limit.
--------------------------------------------------
Running Exact...
Cut is valid: all terminal pairs are separated.
Benchmarking grid_40x50_k5_rep2
--------------------------------------------------
Running Heuristic...
Cut is valid: all terminal pairs are separated.
--------------------------------------------------
Running Parallel Heuristic...
Cut is valid: all terminal pairs are separated.
--------------------------------------------------
Running Approximation...
Failed to compute LP solution within time limit.
--------------------------------------------------
Running Exact...
Cut is valid: all terminal pairs are separated.
Benchmarking grid_40x50_k5_rep3
--------------------------------------------------
Running Heuristic...
Cut is valid: all terminal pairs are separated.
--------------------------------------------------
Running Parallel Heuristic...
Cut is valid: all terminal pairs are separated.
--------------------------------------------------
Running Approximation...
Failed to compute LP solution within time limit.
--------------------------------------------------
Running Exact...
Cut is valid: all terminal pairs are separated.
Benchmarking grid_40x50_k5_rep4
--------------------------------------------------
Running Heuristic...
Cut is valid: all terminal pairs are separated.
--------------------------------------------------
Running Parallel Heuristic...
Cut is valid: all terminal pairs are separated.
--------------------------------------------------
Running Approximation...
Failed to compute LP solution within time limit.
--------------------------------------------------
Running Exact...
Cut is valid: all terminal pairs are separated.
Benchmarking grid_40x50_k10_rep0
--------------------------------------------------
Running Heuristic...
Cut is valid: all terminal pairs are separated.
--------------------------------------------------
Running Parallel Heuristic...
Cut is valid: all terminal pairs are separated.
--------------------------------------------------
Running Approximation...
Failed to compute LP solution within time limit.
--------------------------------------------------
Running Exact...
Cut is valid: all terminal pairs are separated.
Benchmarking grid_40x50_k10_rep1
--------------------------------------------------
Running Heuristic...
Cut is valid: all terminal pairs are separated.
--------------------------------------------------
Running Parallel Heuristic...
Cut is valid: all terminal pairs are separated.
--------------------------------------------------
Running Approximation...
Failed to compute LP solution within time limit.
--------------------------------------------------
Running Exact...
Cut is valid: all terminal pairs are separated.
Benchmarking grid_40x50_k10_rep2
--------------------------------------------------
Running Heuristic...
Cut is valid: all terminal pairs are separated.
--------------------------------------------------
Running Parallel Heuristic...
Cut is valid: all terminal pairs are separated.
--------------------------------------------------
Running Approximation...
Failed to compute LP solution within time limit.
--------------------------------------------------
Running Exact...
Cut is valid: all terminal pairs are separated.
Benchmarking grid_40x50_k10_rep3
--------------------------------------------------
Running Heuristic...
Cut is valid: all terminal pairs are separated.
--------------------------------------------------
Running Parallel Heuristic...
Cut is valid: all terminal pairs are separated.
--------------------------------------------------
Running Approximation...
Failed to compute LP solution within time limit.
--------------------------------------------------
Running Exact...
Cut is valid: all terminal pairs are separated.
Benchmarking grid_40x50_k10_rep4
--------------------------------------------------
Running Heuristic...
Cut is valid: all terminal pairs are separated.
--------------------------------------------------
Running Parallel Heuristic...
Cut is valid: all terminal pairs are separated.
--------------------------------------------------
Running Approximation...
Failed to compute LP solution within time limit.
--------------------------------------------------
Running Exact...
Cut is valid: all terminal pairs are separated.
Writing CSV to: "/mnt/c/Users/Jyotsna Bellary/UniKonstanz/Year_2/Sem 3/Algorithm Engineering/jyotsna.bellary/Exam/build/../output_data/grid_output.csv"
Benchmarking grid_40x50_k20_rep0
--------------------------------------------------
Running Heuristic...
Cut is valid: all terminal pairs are separated.
--------------------------------------------------
Running Parallel Heuristic...
Cut is valid: all terminal pairs are separated.
--------------------------------------------------
Running Approximation...
Failed to compute LP solution within time limit.
--------------------------------------------------
Running Exact...
Cut is valid: all terminal pairs are separated.
Benchmarking grid_40x50_k20_rep1
--------------------------------------------------
Running Heuristic...
Cut is valid: all terminal pairs are separated.
--------------------------------------------------
Running Parallel Heuristic...
Cut is valid: all terminal pairs are separated.
--------------------------------------------------
Running Approximation...
Failed to compute LP solution within time limit.
--------------------------------------------------
Running Exact...
Cut is valid: all terminal pairs are separated.
Benchmarking grid_40x50_k20_rep2
--------------------------------------------------
Running Heuristic...
Cut is valid: all terminal pairs are separated.
--------------------------------------------------
Running Parallel Heuristic...
Cut is valid: all terminal pairs are separated.
--------------------------------------------------
Running Approximation...
Failed to compute LP solution within time limit.
--------------------------------------------------
Running Exact...
Cut is valid: all terminal pairs are separated.
Benchmarking grid_40x50_k20_rep3
--------------------------------------------------
Running Heuristic...
Cut is valid: all terminal pairs are separated.
--------------------------------------------------
Running Parallel Heuristic...
Cut is valid: all terminal pairs are separated.
--------------------------------------------------
Running Approximation...
Failed to compute LP solution within time limit.
--------------------------------------------------
Running Exact...
Cut is valid: all terminal pairs are separated.
Benchmarking grid_40x50_k20_rep4
--------------------------------------------------
Running Heuristic...
Cut is valid: all terminal pairs are separated.
--------------------------------------------------
Running Parallel Heuristic...
Cut is valid: all terminal pairs are separated.
--------------------------------------------------
Running Approximation...
Failed to compute LP solution within time limit.
--------------------------------------------------
Running Exact...
Cut is valid: all terminal pairs are separated.
Benchmarking grid_40x50_k30_rep0
--------------------------------------------------
Running Heuristic...
Cut is valid: all terminal pairs are separated.
--------------------------------------------------
Running Parallel Heuristic...
Cut is valid: all terminal pairs are separated.
--------------------------------------------------
Running Approximation...
Failed to compute LP solution within time limit.
--------------------------------------------------
Running Exact...
Cut is valid: all terminal pairs are separated.
Benchmarking grid_40x50_k30_rep1
--------------------------------------------------
Running Heuristic...
Cut is valid: all terminal pairs are separated.
--------------------------------------------------
Running Parallel Heuristic...
Cut is valid: all terminal pairs are separated.
--------------------------------------------------
Running Approximation...
Failed to compute LP solution within time limit.
--------------------------------------------------
Running Exact...
Cut is valid: all terminal pairs are separated.
Benchmarking grid_40x50_k30_rep2
--------------------------------------------------
Running Heuristic...
Cut is valid: all terminal pairs are separated.
--------------------------------------------------
Running Parallel Heuristic...
Cut is valid: all terminal pairs are separated.
--------------------------------------------------
Running Approximation...
Failed to compute LP solution within time limit.
--------------------------------------------------
Running Exact...
Cut is valid: all terminal pairs are separated.
Benchmarking grid_40x50_k30_rep3
--------------------------------------------------
Running Heuristic...
Cut is valid: all terminal pairs are separated.
--------------------------------------------------
Running Parallel Heuristic...
Cut is valid: all terminal pairs are separated.
--------------------------------------------------
Running Approximation...
Failed to compute LP solution within time limit.
--------------------------------------------------
Running Exact...
Cut is valid: all terminal pairs are separated.
Benchmarking grid_40x50_k30_rep4
--------------------------------------------------
Running Heuristic...
Cut is valid: all terminal pairs are separated.
--------------------------------------------------
Running Parallel Heuristic...
Cut is valid: all terminal pairs are separated.
--------------------------------------------------
Running Approximation...
Failed to compute LP solution within time limit.
--------------------------------------------------
Running Exact...
Cut is valid: all terminal pairs are separated.
Writing CSV to: "/mnt/c/Users/Jyotsna Bellary/UniKonstanz/Year_2/Sem 3/Algorithm Engineering/jyotsna.bellary/Exam/build/../output_data/grid_output.csv"
Benchmarking grid_40x50_k50_rep0
--------------------------------------------------
Running Heuristic...
Cut is valid: all terminal pairs are separated.
--------------------------------------------------
Running Parallel Heuristic...
Cut is valid: all terminal pairs are separated.
--------------------------------------------------
Running Approximation...
Failed to compute LP solution within time limit.
--------------------------------------------------
Running Exact...
Cut is valid: all terminal pairs are separated.
Benchmarking grid_40x50_k50_rep1
--------------------------------------------------
Running Heuristic...
Cut is valid: all terminal pairs are separated.
--------------------------------------------------
Running Parallel Heuristic...
Cut is valid: all terminal pairs are separated.
--------------------------------------------------
Running Approximation...
Failed to compute LP solution within time limit.
--------------------------------------------------
Running Exact...
Cut is valid: all terminal pairs are separated.
Benchmarking grid_40x50_k50_rep2
--------------------------------------------------
Running Heuristic...
Cut is valid: all terminal pairs are separated.
--------------------------------------------------
Running Parallel Heuristic...
Cut is valid: all terminal pairs are separated.
--------------------------------------------------
Running Approximation...
Failed to compute LP solution within time limit.
--------------------------------------------------
Running Exact...
Cut is valid: all terminal pairs are separated.
Benchmarking grid_40x50_k50_rep3
--------------------------------------------------
Running Heuristic...
Cut is valid: all terminal pairs are separated.
--------------------------------------------------
Running Parallel Heuristic...
Cut is valid: all terminal pairs are separated.
--------------------------------------------------
Running Approximation...
Failed to compute LP solution within time limit.
--------------------------------------------------
Running Exact...
Cut is valid: all terminal pairs are separated.
Benchmarking grid_40x50_k50_rep4
--------------------------------------------------
Running Heuristic...
Cut is valid: all terminal pairs are separated.
--------------------------------------------------
Running Parallel Heuristic...
Cut is valid: all terminal pairs are separated.
--------------------------------------------------
Running Approximation...
Failed to compute LP solution within time limit.
--------------------------------------------------
Running Exact...
Cut is valid: all terminal pairs are separated.
Writing CSV to: "/mnt/c/Users/Jyotsna Bellary/UniKonstanz/Year_2/Sem 3/Algorithm Engineering/jyotsna.bellary/Exam/build/../output_data/grid_output.csv"
